[2026-06-11T13:30:00.685+0000] {local_task_job_runner.py:123} INFO - ::group::Pre task execution logs
[2026-06-11T13:30:00.696+0000] {taskinstance.py:2614} INFO - Dependencies all met for dep_context=non-requeueable deps ti=<TaskInstance: market_data_pipeline.run_etl_pipeline scheduled__2026-06-11T13:25:00+00:00 [queued]>
[2026-06-11T13:30:00.700+0000] {taskinstance.py:2614} INFO - Dependencies all met for dep_context=requeueable deps ti=<TaskInstance: market_data_pipeline.run_etl_pipeline scheduled__2026-06-11T13:25:00+00:00 [queued]>
[2026-06-11T13:30:00.700+0000] {taskinstance.py:2867} INFO - Starting attempt 1 of 3
[2026-06-11T13:30:00.708+0000] {taskinstance.py:2890} INFO - Executing <Task(BashOperator): run_etl_pipeline> on 2026-06-11 13:25:00+00:00
[2026-06-11T13:30:00.712+0000] {standard_task_runner.py:104} INFO - Running: ['airflow', 'tasks', 'run', 'market_data_pipeline', 'run_etl_pipeline', 'scheduled__2026-06-11T13:25:00+00:00', '--job-id', '8', '--raw', '--subdir', 'DAGS_FOLDER/market)data_dag.py', '--cfg-path', '/tmp/tmp8mtk42wx']
[2026-06-11T13:30:00.713+0000] {standard_task_runner.py:105} INFO - Job 8: Subtask run_etl_pipeline
[2026-06-11T13:30:00.713+0000] {logging_mixin.py:190} WARNING - /home/airflow/.local/lib/python3.12/site-packages/airflow/task/task_runner/standard_task_runner.py:70 DeprecationWarning: This process (pid=603) is multi-threaded, use of fork() may lead to deadlocks in the child.
[2026-06-11T13:30:00.713+0000] {standard_task_runner.py:72} INFO - Started process 604 to run task
[2026-06-11T13:30:00.741+0000] {task_command.py:467} INFO - Running <TaskInstance: market_data_pipeline.run_etl_pipeline scheduled__2026-06-11T13:25:00+00:00 [running]> on host 5bbbca8016b7
[2026-06-11T13:30:00.787+0000] {taskinstance.py:3134} INFO - Exporting env vars: AIRFLOW_CTX_DAG_OWNER='***' AIRFLOW_CTX_DAG_ID='market_data_pipeline' AIRFLOW_CTX_TASK_ID='run_etl_pipeline' AIRFLOW_CTX_EXECUTION_DATE='2026-06-11T13:25:00+00:00' AIRFLOW_CTX_TRY_NUMBER='1' AIRFLOW_CTX_DAG_RUN_ID='scheduled__2026-06-11T13:25:00+00:00'
[2026-06-11T13:30:00.788+0000] {taskinstance.py:732} INFO - ::endgroup::
[2026-06-11T13:30:00.800+0000] {subprocess.py:78} INFO - Tmp dir root location: /tmp
[2026-06-11T13:30:00.801+0000] {subprocess.py:88} INFO - Running command: ['/usr/bin/bash', '-c', 'cd /opt/airflow/project && python -m app.main']
[2026-06-11T13:30:00.807+0000] {subprocess.py:99} INFO - Output:
[2026-06-11T13:30:01.988+0000] {subprocess.py:106} INFO - 2026-06-11 13:30:01,988 | INFO | __main__ | Starting market data ETL pipeline.
[2026-06-11T13:30:01.988+0000] {subprocess.py:106} INFO - 2026-06-11 13:30:01,988 | INFO | app.etl.extract | Downloading market data...
[2026-06-11T13:30:02.480+0000] {subprocess.py:106} INFO - 2026-06-11 13:30:02,480 | ERROR | yfinance | $NVDA: possibly delisted; no price data found  (period=1d)
[2026-06-11T13:30:02.487+0000] {subprocess.py:106} INFO - 2026-06-11 13:30:02,487 | ERROR | yfinance |
[2026-06-11T13:30:02.487+0000] {subprocess.py:106} INFO - 1 Failed download:
[2026-06-11T13:30:02.487+0000] {subprocess.py:106} INFO - 2026-06-11 13:30:02,487 | ERROR | yfinance | ['NVDA']: possibly delisted; no price data found  (period=1d)
[2026-06-11T13:30:02.495+0000] {subprocess.py:106} INFO - 2026-06-11 13:30:02,495 | INFO | __main__ | Downloaded raw market data.
[2026-06-11T13:30:02.496+0000] {subprocess.py:106} INFO - 2026-06-11 13:30:02,495 | INFO | app.etl.transform | Starting transformation
[2026-06-11T13:30:02.502+0000] {subprocess.py:106} INFO - 2026-06-11 13:30:02,501 | INFO | app.etl.transform | Validation removed 487 invalid rows.
[2026-06-11T13:30:02.502+0000] {subprocess.py:106} INFO - 2026-06-11 13:30:02,502 | INFO | app.etl.transform | Prepared 165 rows of market data.
[2026-06-11T13:30:02.502+0000] {subprocess.py:106} INFO - 2026-06-11 13:30:02,502 | INFO | __main__ | Prepared bronze market data. Rows: 165
[2026-06-11T13:30:02.502+0000] {subprocess.py:106} INFO - 2026-06-11 13:30:02,502 | INFO | app.etl.transform | Building Silver Layer features for 165 rows.
[2026-06-11T13:30:02.507+0000] {subprocess.py:106} INFO - 2026-06-11 13:30:02,507 | INFO | app.etl.transform | Silver Layer built successfully.
[2026-06-11T13:30:02.508+0000] {subprocess.py:106} INFO - 2026-06-11 13:30:02,507 | INFO | __main__ | Prepared silver market data. Rows: 165
[2026-06-11T13:30:02.508+0000] {subprocess.py:106} INFO - 2026-06-11 13:30:02,507 | INFO | app.etl.load | Loading 165 rows into PostgreSQL table 'market_prices'.
[2026-06-11T13:30:02.533+0000] {subprocess.py:106} INFO - 2026-06-11 13:30:02,533 | INFO | app.etl.load | Inserted 4 new rows into table 'market_prices'.
[2026-06-11T13:30:02.533+0000] {subprocess.py:106} INFO - 2026-06-11 13:30:02,533 | INFO | __main__ | Saved bronze market data. Rows: 165
[2026-06-11T13:30:02.534+0000] {subprocess.py:106} INFO - 2026-06-11 13:30:02,533 | INFO | app.etl.load | Loading 165 rows into PostgreSQL table 'market_prices_silver'.
[2026-06-11T13:30:02.552+0000] {subprocess.py:106} INFO - 2026-06-11 13:30:02,552 | INFO | app.etl.load | Inserted 4 new rows into table 'market_prices_silver'.
[2026-06-11T13:30:02.552+0000] {subprocess.py:106} INFO - 2026-06-11 13:30:02,552 | INFO | __main__ | Saved silver market data. Rows: 165
[2026-06-11T13:30:02.552+0000] {subprocess.py:106} INFO - 2026-06-11 13:30:02,552 | INFO | __main__ | Market data ETL pipeline finished successfully.
[2026-06-11T13:30:02.651+0000] {subprocess.py:110} INFO - Command exited with return code 0
[2026-06-11T13:30:02.666+0000] {taskinstance.py:341} INFO - ::group::Post task execution logs
[2026-06-11T13:30:02.667+0000] {taskinstance.py:353} INFO - Marking task as SUCCESS. dag_id=market_data_pipeline, task_id=run_etl_pipeline, run_id=scheduled__2026-06-11T13:25:00+00:00, execution_date=20260611T132500, start_date=20260611T133000, end_date=20260611T133002
[2026-06-11T13:30:02.693+0000] {local_task_job_runner.py:266} INFO - Task exited with return code 0
[2026-06-11T13:30:02.702+0000] {taskinstance.py:3901} INFO - 0 downstream tasks scheduled from follow-on schedule check
[2026-06-11T13:30:02.703+0000] {local_task_job_runner.py:245} INFO - ::endgroup::
