[2026-06-11T13:22:07.203+0000] {local_task_job_runner.py:123} INFO - ::group::Pre task execution logs
[2026-06-11T13:22:07.214+0000] {taskinstance.py:2614} INFO - Dependencies all met for dep_context=non-requeueable deps ti=<TaskInstance: market_data_pipeline.run_etl_pipeline manual__2026-06-11T13:22:06.710160+00:00 [queued]>
[2026-06-11T13:22:07.218+0000] {taskinstance.py:2614} INFO - Dependencies all met for dep_context=requeueable deps ti=<TaskInstance: market_data_pipeline.run_etl_pipeline manual__2026-06-11T13:22:06.710160+00:00 [queued]>
[2026-06-11T13:22:07.218+0000] {taskinstance.py:2867} INFO - Starting attempt 1 of 3
[2026-06-11T13:22:07.226+0000] {taskinstance.py:2890} INFO - Executing <Task(BashOperator): run_etl_pipeline> on 2026-06-11 13:22:06.710160+00:00
[2026-06-11T13:22:07.231+0000] {standard_task_runner.py:104} INFO - Running: ['airflow', 'tasks', 'run', 'market_data_pipeline', 'run_etl_pipeline', 'manual__2026-06-11T13:22:06.710160+00:00', '--job-id', '5', '--raw', '--subdir', 'DAGS_FOLDER/market)data_dag.py', '--cfg-path', '/tmp/tmph_c_7z_q']
[2026-06-11T13:22:07.232+0000] {standard_task_runner.py:105} INFO - Job 5: Subtask run_etl_pipeline
[2026-06-11T13:22:07.233+0000] {logging_mixin.py:190} WARNING - /home/airflow/.local/lib/python3.12/site-packages/airflow/task/task_runner/standard_task_runner.py:70 DeprecationWarning: This process (pid=424) is multi-threaded, use of fork() may lead to deadlocks in the child.
[2026-06-11T13:22:07.233+0000] {standard_task_runner.py:72} INFO - Started process 425 to run task
[2026-06-11T13:22:07.263+0000] {task_command.py:467} INFO - Running <TaskInstance: market_data_pipeline.run_etl_pipeline manual__2026-06-11T13:22:06.710160+00:00 [running]> on host 5bbbca8016b7
[2026-06-11T13:22:07.314+0000] {taskinstance.py:3134} INFO - Exporting env vars: AIRFLOW_CTX_DAG_OWNER='***' AIRFLOW_CTX_DAG_ID='market_data_pipeline' AIRFLOW_CTX_TASK_ID='run_etl_pipeline' AIRFLOW_CTX_EXECUTION_DATE='2026-06-11T13:22:06.710160+00:00' AIRFLOW_CTX_TRY_NUMBER='1' AIRFLOW_CTX_DAG_RUN_ID='manual__2026-06-11T13:22:06.710160+00:00'
[2026-06-11T13:22:07.314+0000] {taskinstance.py:732} INFO - ::endgroup::
[2026-06-11T13:22:07.324+0000] {subprocess.py:78} INFO - Tmp dir root location: /tmp
[2026-06-11T13:22:07.325+0000] {subprocess.py:88} INFO - Running command: ['/usr/bin/bash', '-c', 'cd /opt/airflow/project && python -m app.main']
[2026-06-11T13:22:07.330+0000] {subprocess.py:99} INFO - Output:
[2026-06-11T13:22:08.172+0000] {subprocess.py:106} INFO - 2026-06-11 13:22:08,172 | INFO | __main__ | Starting market data ETL pipeline.
[2026-06-11T13:22:08.172+0000] {subprocess.py:106} INFO - 2026-06-11 13:22:08,172 | INFO | app.etl.extract | Downloading market data...
[2026-06-11T13:22:08.610+0000] {subprocess.py:106} INFO - 2026-06-11 13:22:08,610 | INFO | __main__ | Downloaded raw market data.
[2026-06-11T13:22:08.611+0000] {subprocess.py:106} INFO - 2026-06-11 13:22:08,610 | INFO | app.etl.transform | Starting transformation
[2026-06-11T13:22:08.616+0000] {subprocess.py:106} INFO - 2026-06-11 13:22:08,616 | INFO | app.etl.transform | Validation removed 561 invalid rows.
[2026-06-11T13:22:08.616+0000] {subprocess.py:106} INFO - 2026-06-11 13:22:08,616 | INFO | app.etl.transform | Prepared 395 rows of market data.
[2026-06-11T13:22:08.617+0000] {subprocess.py:106} INFO - 2026-06-11 13:22:08,617 | INFO | __main__ | Prepared bronze market data. Rows: 395
[2026-06-11T13:22:08.617+0000] {subprocess.py:106} INFO - 2026-06-11 13:22:08,617 | INFO | app.etl.transform | Building Silver Layer features for 395 rows.
[2026-06-11T13:22:08.620+0000] {subprocess.py:106} INFO - 2026-06-11 13:22:08,620 | INFO | app.etl.transform | Silver Layer built successfully.
[2026-06-11T13:22:08.620+0000] {subprocess.py:106} INFO - 2026-06-11 13:22:08,620 | INFO | __main__ | Prepared silver market data. Rows: 395
[2026-06-11T13:22:08.620+0000] {subprocess.py:106} INFO - 2026-06-11 13:22:08,620 | INFO | app.etl.load | Loading 395 rows into PostgreSQL table 'market_prices'.
[2026-06-11T13:22:08.654+0000] {subprocess.py:106} INFO - 2026-06-11 13:22:08,654 | INFO | app.etl.load | Inserted 0 new rows into table 'market_prices'.
[2026-06-11T13:22:08.654+0000] {subprocess.py:106} INFO - 2026-06-11 13:22:08,654 | INFO | __main__ | Saved bronze market data. Rows: 395
[2026-06-11T13:22:08.654+0000] {subprocess.py:106} INFO - 2026-06-11 13:22:08,654 | INFO | app.etl.load | Loading 395 rows into PostgreSQL table 'market_prices_silver'.
[2026-06-11T13:22:08.707+0000] {subprocess.py:106} INFO - 2026-06-11 13:22:08,707 | INFO | app.etl.load | Inserted 0 new rows into table 'market_prices_silver'.
[2026-06-11T13:22:08.707+0000] {subprocess.py:106} INFO - 2026-06-11 13:22:08,707 | INFO | __main__ | Saved silver market data. Rows: 395
[2026-06-11T13:22:08.707+0000] {subprocess.py:106} INFO - 2026-06-11 13:22:08,707 | INFO | __main__ | Market data ETL pipeline finished successfully.
[2026-06-11T13:22:08.781+0000] {subprocess.py:110} INFO - Command exited with return code 0
[2026-06-11T13:22:08.797+0000] {taskinstance.py:341} INFO - ::group::Post task execution logs
[2026-06-11T13:22:08.797+0000] {taskinstance.py:353} INFO - Marking task as SUCCESS. dag_id=market_data_pipeline, task_id=run_etl_pipeline, run_id=manual__2026-06-11T13:22:06.710160+00:00, execution_date=20260611T132206, start_date=20260611T132207, end_date=20260611T132208
[2026-06-11T13:22:08.850+0000] {local_task_job_runner.py:266} INFO - Task exited with return code 0
[2026-06-11T13:22:08.859+0000] {taskinstance.py:3901} INFO - 0 downstream tasks scheduled from follow-on schedule check
[2026-06-11T13:22:08.860+0000] {local_task_job_runner.py:245} INFO - ::endgroup::
