[2026-06-11T13:25:00.168+0000] {local_task_job_runner.py:123} INFO - ::group::Pre task execution logs
[2026-06-11T13:25:00.178+0000] {taskinstance.py:2614} INFO - Dependencies all met for dep_context=non-requeueable deps ti=<TaskInstance: market_data_pipeline.run_etl_pipeline scheduled__2026-06-11T13:20:00+00:00 [queued]>
[2026-06-11T13:25:00.183+0000] {taskinstance.py:2614} INFO - Dependencies all met for dep_context=requeueable deps ti=<TaskInstance: market_data_pipeline.run_etl_pipeline scheduled__2026-06-11T13:20:00+00:00 [queued]>
[2026-06-11T13:25:00.183+0000] {taskinstance.py:2867} INFO - Starting attempt 1 of 3
[2026-06-11T13:25:00.191+0000] {taskinstance.py:2890} INFO - Executing <Task(BashOperator): run_etl_pipeline> on 2026-06-11 13:20:00+00:00
[2026-06-11T13:25:00.196+0000] {standard_task_runner.py:104} INFO - Running: ['airflow', 'tasks', 'run', 'market_data_pipeline', 'run_etl_pipeline', 'scheduled__2026-06-11T13:20:00+00:00', '--job-id', '7', '--raw', '--subdir', 'DAGS_FOLDER/market)data_dag.py', '--cfg-path', '/tmp/tmpft1oa8vc']
[2026-06-11T13:25:00.197+0000] {standard_task_runner.py:105} INFO - Job 7: Subtask run_etl_pipeline
[2026-06-11T13:25:00.197+0000] {logging_mixin.py:190} WARNING - /home/airflow/.local/lib/python3.12/site-packages/airflow/task/task_runner/standard_task_runner.py:70 DeprecationWarning: This process (pid=520) is multi-threaded, use of fork() may lead to deadlocks in the child.
[2026-06-11T13:25:00.198+0000] {standard_task_runner.py:72} INFO - Started process 521 to run task
[2026-06-11T13:25:00.229+0000] {task_command.py:467} INFO - Running <TaskInstance: market_data_pipeline.run_etl_pipeline scheduled__2026-06-11T13:20:00+00:00 [running]> on host 5bbbca8016b7
[2026-06-11T13:25:00.282+0000] {taskinstance.py:3134} INFO - Exporting env vars: AIRFLOW_CTX_DAG_OWNER='***' AIRFLOW_CTX_DAG_ID='market_data_pipeline' AIRFLOW_CTX_TASK_ID='run_etl_pipeline' AIRFLOW_CTX_EXECUTION_DATE='2026-06-11T13:20:00+00:00' AIRFLOW_CTX_TRY_NUMBER='1' AIRFLOW_CTX_DAG_RUN_ID='scheduled__2026-06-11T13:20:00+00:00'
[2026-06-11T13:25:00.283+0000] {taskinstance.py:732} INFO - ::endgroup::
[2026-06-11T13:25:00.293+0000] {subprocess.py:78} INFO - Tmp dir root location: /tmp
[2026-06-11T13:25:00.294+0000] {subprocess.py:88} INFO - Running command: ['/usr/bin/bash', '-c', 'cd /opt/airflow/project && python -m app.main']
[2026-06-11T13:25:00.299+0000] {subprocess.py:99} INFO - Output:
[2026-06-11T13:25:01.154+0000] {subprocess.py:106} INFO - 2026-06-11 13:25:01,154 | INFO | __main__ | Starting market data ETL pipeline.
[2026-06-11T13:25:01.154+0000] {subprocess.py:106} INFO - 2026-06-11 13:25:01,154 | INFO | app.etl.extract | Downloading market data...
[2026-06-11T13:25:01.679+0000] {subprocess.py:106} INFO - 2026-06-11 13:25:01,677 | INFO | __main__ | Downloaded raw market data.
[2026-06-11T13:25:01.679+0000] {subprocess.py:106} INFO - 2026-06-11 13:25:01,677 | INFO | app.etl.transform | Starting transformation
[2026-06-11T13:25:01.683+0000] {subprocess.py:106} INFO - 2026-06-11 13:25:01,683 | INFO | app.etl.transform | Validation removed 561 invalid rows.
[2026-06-11T13:25:01.683+0000] {subprocess.py:106} INFO - 2026-06-11 13:25:01,683 | INFO | app.etl.transform | Prepared 395 rows of market data.
[2026-06-11T13:25:01.684+0000] {subprocess.py:106} INFO - 2026-06-11 13:25:01,683 | INFO | __main__ | Prepared bronze market data. Rows: 395
[2026-06-11T13:25:01.684+0000] {subprocess.py:106} INFO - 2026-06-11 13:25:01,684 | INFO | app.etl.transform | Building Silver Layer features for 395 rows.
[2026-06-11T13:25:01.687+0000] {subprocess.py:106} INFO - 2026-06-11 13:25:01,687 | INFO | app.etl.transform | Silver Layer built successfully.
[2026-06-11T13:25:01.687+0000] {subprocess.py:106} INFO - 2026-06-11 13:25:01,687 | INFO | __main__ | Prepared silver market data. Rows: 395
[2026-06-11T13:25:01.687+0000] {subprocess.py:106} INFO - 2026-06-11 13:25:01,687 | INFO | app.etl.load | Loading 395 rows into PostgreSQL table 'market_prices'.
[2026-06-11T13:25:01.724+0000] {subprocess.py:106} INFO - 2026-06-11 13:25:01,723 | INFO | app.etl.load | Inserted 0 new rows into table 'market_prices'.
[2026-06-11T13:25:01.724+0000] {subprocess.py:106} INFO - 2026-06-11 13:25:01,724 | INFO | __main__ | Saved bronze market data. Rows: 395
[2026-06-11T13:25:01.724+0000] {subprocess.py:106} INFO - 2026-06-11 13:25:01,724 | INFO | app.etl.load | Loading 395 rows into PostgreSQL table 'market_prices_silver'.
[2026-06-11T13:25:01.777+0000] {subprocess.py:106} INFO - 2026-06-11 13:25:01,776 | INFO | app.etl.load | Inserted 0 new rows into table 'market_prices_silver'.
[2026-06-11T13:25:01.777+0000] {subprocess.py:106} INFO - 2026-06-11 13:25:01,777 | INFO | __main__ | Saved silver market data. Rows: 395
[2026-06-11T13:25:01.777+0000] {subprocess.py:106} INFO - 2026-06-11 13:25:01,777 | INFO | __main__ | Market data ETL pipeline finished successfully.
[2026-06-11T13:25:01.848+0000] {subprocess.py:110} INFO - Command exited with return code 0
[2026-06-11T13:25:01.864+0000] {taskinstance.py:341} INFO - ::group::Post task execution logs
[2026-06-11T13:25:01.865+0000] {taskinstance.py:353} INFO - Marking task as SUCCESS. dag_id=market_data_pipeline, task_id=run_etl_pipeline, run_id=scheduled__2026-06-11T13:20:00+00:00, execution_date=20260611T132000, start_date=20260611T132500, end_date=20260611T132501
[2026-06-11T13:25:01.898+0000] {local_task_job_runner.py:266} INFO - Task exited with return code 0
[2026-06-11T13:25:01.907+0000] {taskinstance.py:3901} INFO - 0 downstream tasks scheduled from follow-on schedule check
[2026-06-11T13:25:01.908+0000] {local_task_job_runner.py:245} INFO - ::endgroup::
